../Core/Inc/uros/uros_init.cpp:36:6:void uros_init()	40	static
../Core/Inc/uros/uros_init.cpp:58:6:void uros_agent_status_check()	8	static
../Core/Inc/uros/uros_init.cpp:80:6:void handle_state_agent_waiting()	8	static
../Core/Inc/uros/uros_init.cpp:83:6:void handle_state_agent_available()	8	static
../Core/Inc/uros/uros_init.cpp:87:6:void handle_state_agent_connected()	8	static
../Core/Inc/uros/uros_init.cpp:98:6:void handle_state_agent_trying()	8	static
../Core/Inc/uros/uros_init.cpp:110:6:void handle_state_agent_disconnected()	8	static
../Core/Inc/uros/uros_init.cpp:115:6:void uros_create_entities()	48	static
../Core/Inc/uros/uros_init.cpp:140:6:void uros_destroy_entities()	16	static
../Core/Inc/uros/uros_init.cpp:155:6:void mission_sub_cb(const void*)	24	static
