../Core/Src/main.c:125:5:main	1
../Core/Src/main.c:222:6:SystemClock_Config	4
../Core/Src/main.c:273:13:MX_TIM2_Init	4
../Core/Src/main.c:318:13:MX_TIM3_Init	6
../Core/Src/main.c:376:13:MX_TIM4_Init	7
../Core/Src/main.c:438:13:MX_TIM12_Init	6
../Core/Src/main.c:496:13:MX_TIM23_Init	3
../Core/Src/main.c:545:13:MX_USART3_UART_Init	5
../Core/Src/main.c:591:13:MX_DMA_Init	1
../Core/Src/main.c:612:13:MX_GPIO_Init	1
../Core/Src/main.c:685:13:StartDefaultTask	1
../Core/Src/main.c:703:13:StartTask02	1
../Core/Src/main.c:721:13:StartTask03	1
../Core/Src/main.c:735:6:MPU_Config	1
../Core/Src/main.c:770:6:HAL_TIM_PeriodElapsedCallback	3
../Core/Src/main.c:791:6:Error_Handler	1
