../Core/Src/main.c:128:5:main	8	static
../Core/Src/main.c:226:6:SystemClock_Config	120	static
../Core/Src/main.c:277:13:MX_TIM2_Init	40	static
../Core/Src/main.c:322:13:MX_TIM3_Init	48	static
../Core/Src/main.c:380:13:MX_TIM4_Init	48	static
../Core/Src/main.c:443:13:MX_TIM8_Init	56	static
../Core/Src/main.c:494:13:MX_TIM12_Init	64	static
../Core/Src/main.c:557:13:MX_TIM23_Init	56	static
../Core/Src/main.c:606:13:MX_USART3_UART_Init	8	static
../Core/Src/main.c:652:13:MX_DMA_Init	16	static
../Core/Src/main.c:673:13:MX_GPIO_Init	56	static
../Core/Src/main.c:747:13:StartDefaultTask	16	static
../Core/Src/main.c:765:13:StartTask02	16	static
../Core/Src/main.c:783:13:StartTask03	16	static
../Core/Src/main.c:797:6:MPU_Config	24	static
../Core/Src/main.c:832:6:HAL_TIM_PeriodElapsedCallback	16	static
../Core/Src/main.c:853:6:Error_Handler	4	static,ignoring_inline_asm
