../Core/Src/main.c:123:5:main	8	static
../Core/Src/main.c:220:6:SystemClock_Config	120	static
../Core/Src/main.c:280:13:MX_TIM2_Init	40	static
../Core/Src/main.c:325:13:MX_TIM3_Init	48	static
../Core/Src/main.c:389:13:MX_TIM4_Init	48	static
../Core/Src/main.c:438:13:MX_TIM5_Init	48	static
../Core/Src/main.c:499:13:MX_TIM12_Init	48	static
../Core/Src/main.c:552:13:MX_TIM23_Init	56	static
../Core/Src/main.c:601:13:MX_TIM24_Init	56	static
../Core/Src/main.c:650:13:MX_USART3_UART_Init	8	static
../Core/Src/main.c:696:13:MX_DMA_Init	16	static
../Core/Src/main.c:717:13:MX_GPIO_Init	56	static
../Core/Src/main.c:794:13:StartDefaultTask	16	static
../Core/Src/main.c:812:13:StartTask02	16	static
../Core/Src/main.c:830:13:StartTask03	16	static
../Core/Src/main.c:843:6:MPU_Config	24	static
../Core/Src/main.c:878:6:HAL_TIM_PeriodElapsedCallback	16	static
../Core/Src/main.c:899:6:Error_Handler	4	static,ignoring_inline_asm
